<html>
<body>
<pre>
<h1>µVision Build Log</h1>
<h2>Tool Versions:</h2>
IDE-Version: µVision V5.22.0.0
Copyright (C) 2016 ARM Ltd and ARM Germany GmbH. All rights reserved.
License Information: Preeti Paschapuri, HP Inc., LIC=----
 
Tool Versions:
Toolchain:       MDK-Lite  Version: 5.22
Toolchain Path:  D:\RTOS TOOLS\KEIL 5\ARM\ARMCC\Bin
C Compiler:      Armcc.exe V5.06 update 4 (build 422)
Assembler:       Armasm.exe V5.06 update 4 (build 422)
Linker/Locator:  ArmLink.exe V5.06 update 4 (build 422)
Library Manager: ArmAr.exe V5.06 update 4 (build 422)
Hex Converter:   FromElf.exe V5.06 update 4 (build 422)
CPU DLL:         SARMCM3.DLL V5.22
Dialog DLL:      DARMP1.DLL V1.27.0.0
Target DLL:      UL2CM3.DLL V1.159.0.0
Dialog DLL:      TARMP1.DLL V1.26.0.0
 
<h2>Project:</h2>
D:\RTOS TOOLS\ARMCTXM2-01_Project_Board[1]\pro\LCD_Test\LCD_Test.uvproj
Project File Date:  01/04/2025

<h2>Output:</h2>
*** Using Compiler 'V5.06 update 4 (build 422)', folder: 'D:\RTOS TOOLS\KEIL 5\ARM\ARMCC\Bin'
Rebuild target 'Target 1'
assembling startup_LPC17xx.s...
compiling system_LPC17xx.c...
"no source": Error:  #5: cannot open source input file "C:\Keil4\ARM\Startup\NXP\LPC17xx\system_LPC17xx.c": No such file or directory
C:\Keil4\ARM\Startup\NXP\LPC17xx\system_LPC17xx.c: 0 warnings, 1 error
compiling Lcd.c...
Lcd.c(290): warning:  #1-D: last line of file ends without a newline
  ///final
Lcd.c: 1 warning, 0 errors
linking...
Program Size: Code=2300 RO-data=236 RW-data=116 ZI-data=612  
FromELF: creating hex file...
".\LCD_Test.axf" - 0 Error(s), 1 Warning(s).
Build Time Elapsed:  00:00:01
</pre>
</body>
</html>
